[rank: 0] Seed set to 42
Using 16bit Automatic Mixed Precision (AMP)
GPU available: True (cuda), used: True
TPU available: False, using: 0 TPU cores
LOCAL_RANK: 0 - CUDA_VISIBLE_DEVICES: [MIG-923612d6-7906-54a6-81ad-44b1a47c8370]

  | Name      | Type              | Params | Mode  | FLOPs
----------------------------------------------------------------
0 | model     | DenseNet          | 7.0 M  | eval  | 0    
1 | criterion | BCEWithLogitsLoss | 0      | train | 0    
----------------------------------------------------------------
6.2 K     Trainable params
6.9 M     Non-trainable params
7.0 M     Total params
27.815    Total estimated model params size (MB)
2         Modules in train mode
432       Modules in eval mode
0         Total Flops
SLURM auto-requeueing enabled. Setting signal handlers.
Metric val/auroc improved. New best score: 0.630
Metric val/auroc improved by 0.016 >= min_delta = 0.0. New best score: 0.646
Metric val/auroc improved by 0.007 >= min_delta = 0.0. New best score: 0.653
Metric val/auroc improved by 0.004 >= min_delta = 0.0. New best score: 0.656
Metric val/auroc improved by 0.001 >= min_delta = 0.0. New best score: 0.658
Metric val/auroc improved by 0.000 >= min_delta = 0.0. New best score: 0.658
Metric val/auroc improved by 0.005 >= min_delta = 0.0. New best score: 0.663
Metric val/auroc improved by 0.001 >= min_delta = 0.0. New best score: 0.664
Metric val/auroc improved by 0.001 >= min_delta = 0.0. New best score: 0.666
Metric val/auroc improved by 0.000 >= min_delta = 0.0. New best score: 0.666
Metric val/auroc improved by 0.000 >= min_delta = 0.0. New best score: 0.666
Metric val/auroc improved by 0.001 >= min_delta = 0.0. New best score: 0.667
Metric val/auroc improved by 0.002 >= min_delta = 0.0. New best score: 0.669
Metric val/auroc improved by 0.002 >= min_delta = 0.0. New best score: 0.670
Metric val/auroc improved by 0.003 >= min_delta = 0.0. New best score: 0.673
Metric val/auroc improved by 0.002 >= min_delta = 0.0. New best score: 0.675
Metric val/auroc improved by 0.000 >= min_delta = 0.0. New best score: 0.675
Metric val/auroc improved by 0.003 >= min_delta = 0.0. New best score: 0.678
Metric val/auroc improved by 0.003 >= min_delta = 0.0. New best score: 0.681
Metric val/auroc improved by 0.001 >= min_delta = 0.0. New best score: 0.682
Metric val/auroc improved by 0.001 >= min_delta = 0.0. New best score: 0.683
Metric val/auroc improved by 0.001 >= min_delta = 0.0. New best score: 0.684
Metric val/auroc improved by 0.002 >= min_delta = 0.0. New best score: 0.687
Metric val/auroc improved by 0.002 >= min_delta = 0.0. New best score: 0.688
Metric val/auroc improved by 0.003 >= min_delta = 0.0. New best score: 0.691
Metric val/auroc improved by 0.000 >= min_delta = 0.0. New best score: 0.691
Metric val/auroc improved by 0.000 >= min_delta = 0.0. New best score: 0.691
Metric val/auroc improved by 0.000 >= min_delta = 0.0. New best score: 0.692
Metric val/auroc improved by 0.004 >= min_delta = 0.0. New best score: 0.696
Metric val/auroc improved by 0.001 >= min_delta = 0.0. New best score: 0.697
Metric val/auroc improved by 0.002 >= min_delta = 0.0. New best score: 0.699
Metric val/auroc improved by 0.000 >= min_delta = 0.0. New best score: 0.699
Metric val/auroc improved by 0.001 >= min_delta = 0.0. New best score: 0.700
Metric val/auroc improved by 0.002 >= min_delta = 0.0. New best score: 0.702
Monitored metric val/auroc did not improve in the last 8 records. Best score: 0.702. Signaling Trainer to stop.
